  Determining projects to restore...
/app/Source/Cliffwald.Server/Cliffwald.Server.csproj : warning NU1603: Cliffwald.Server depends on LiteNetLib (>= 1.0.5) but LiteNetLib 1.0.5 was not found. An approximate best match of LiteNetLib 1.1.0 was resolved. [/app/Cliffwald.sln]
/app/Source/Cliffwald.Shared/Cliffwald.Shared.csproj : warning NU1603: Cliffwald.Shared depends on LiteNetLib (>= 1.0.5) but LiteNetLib 1.0.5 was not found. An approximate best match of LiteNetLib 1.1.0 was resolved. [/app/Cliffwald.sln]
/app/Source/Cliffwald.Client/Cliffwald.Client.csproj : warning NU1603: Cliffwald.Client depends on LiteNetLib (>= 1.0.5) but LiteNetLib 1.0.5 was not found. An approximate best match of LiteNetLib 1.1.0 was resolved. [/app/Cliffwald.sln]
/app/Source/Cliffwald.Client/Cliffwald.Client.csproj : warning NU1903: Package 'SixLabors.ImageSharp' 3.0.1 has a known high severity vulnerability, https://github.com/advisories/GHSA-2cmq-823j-5qj8 [/app/Cliffwald.sln]
/app/Source/Cliffwald.Client/Cliffwald.Client.csproj : warning NU1902: Package 'SixLabors.ImageSharp' 3.0.1 has a known moderate severity vulnerability, https://github.com/advisories/GHSA-5x7m-6737-26cr [/app/Cliffwald.sln]
/app/Source/Cliffwald.Client/Cliffwald.Client.csproj : warning NU1903: Package 'SixLabors.ImageSharp' 3.0.1 has a known high severity vulnerability, https://github.com/advisories/GHSA-63p8-c4ww-9cg7 [/app/Cliffwald.sln]
/app/Source/Cliffwald.Client/Cliffwald.Client.csproj : warning NU1903: Package 'SixLabors.ImageSharp' 3.0.1 has a known high severity vulnerability, https://github.com/advisories/GHSA-65x7-c272-7g7r [/app/Cliffwald.sln]
/app/Source/Cliffwald.Client/Cliffwald.Client.csproj : warning NU1902: Package 'SixLabors.ImageSharp' 3.0.1 has a known moderate severity vulnerability, https://github.com/advisories/GHSA-g85r-6x2q-45w7 [/app/Cliffwald.sln]
/app/Source/Cliffwald.Client/Cliffwald.Client.csproj : warning NU1902: Package 'SixLabors.ImageSharp' 3.0.1 has a known moderate severity vulnerability, https://github.com/advisories/GHSA-qxrv-gp6x-rc23 [/app/Cliffwald.sln]
/app/Source/Cliffwald.Client/Cliffwald.Client.csproj : warning NU1902: Package 'SixLabors.ImageSharp' 3.0.1 has a known moderate severity vulnerability, https://github.com/advisories/GHSA-rxmq-m78w-7wmc [/app/Cliffwald.sln]
  All projects are up-to-date for restore.
/app/Source/Cliffwald.Shared/Cliffwald.Shared.csproj : warning NU1603: Cliffwald.Shared depends on LiteNetLib (>= 1.0.5) but LiteNetLib 1.0.5 was not found. An approximate best match of LiteNetLib 1.1.0 was resolved.
/app/Source/Cliffwald.Server/Cliffwald.Server.csproj : warning NU1603: Cliffwald.Server depends on LiteNetLib (>= 1.0.5) but LiteNetLib 1.0.5 was not found. An approximate best match of LiteNetLib 1.1.0 was resolved.
/app/Source/Cliffwald.Client/Cliffwald.Client.csproj : warning NU1603: Cliffwald.Client depends on LiteNetLib (>= 1.0.5) but LiteNetLib 1.0.5 was not found. An approximate best match of LiteNetLib 1.1.0 was resolved.
/app/Source/Cliffwald.Client/Cliffwald.Client.csproj : warning NU1903: Package 'SixLabors.ImageSharp' 3.0.1 has a known high severity vulnerability, https://github.com/advisories/GHSA-2cmq-823j-5qj8
/app/Source/Cliffwald.Client/Cliffwald.Client.csproj : warning NU1902: Package 'SixLabors.ImageSharp' 3.0.1 has a known moderate severity vulnerability, https://github.com/advisories/GHSA-5x7m-6737-26cr
/app/Source/Cliffwald.Client/Cliffwald.Client.csproj : warning NU1903: Package 'SixLabors.ImageSharp' 3.0.1 has a known high severity vulnerability, https://github.com/advisories/GHSA-63p8-c4ww-9cg7
/app/Source/Cliffwald.Client/Cliffwald.Client.csproj : warning NU1903: Package 'SixLabors.ImageSharp' 3.0.1 has a known high severity vulnerability, https://github.com/advisories/GHSA-65x7-c272-7g7r
/app/Source/Cliffwald.Client/Cliffwald.Client.csproj : warning NU1902: Package 'SixLabors.ImageSharp' 3.0.1 has a known moderate severity vulnerability, https://github.com/advisories/GHSA-g85r-6x2q-45w7
/app/Source/Cliffwald.Client/Cliffwald.Client.csproj : warning NU1902: Package 'SixLabors.ImageSharp' 3.0.1 has a known moderate severity vulnerability, https://github.com/advisories/GHSA-qxrv-gp6x-rc23
/app/Source/Cliffwald.Client/Cliffwald.Client.csproj : warning NU1902: Package 'SixLabors.ImageSharp' 3.0.1 has a known moderate severity vulnerability, https://github.com/advisories/GHSA-rxmq-m78w-7wmc
  Cliffwald.Shared -> /app/Source/Cliffwald.Shared/bin/Debug/net8.0/Cliffwald.Shared.dll
  Cliffwald.Server -> /app/Source/Cliffwald.Server/bin/Debug/net8.0/Cliffwald.Server.dll
  Cliffwald.Client -> /app/Source/Cliffwald.Client/bin/Debug/net8.0/Cliffwald.Client.dll

Build succeeded.

/app/Source/Cliffwald.Server/Cliffwald.Server.csproj : warning NU1603: Cliffwald.Server depends on LiteNetLib (>= 1.0.5) but LiteNetLib 1.0.5 was not found. An approximate best match of LiteNetLib 1.1.0 was resolved. [/app/Cliffwald.sln]
/app/Source/Cliffwald.Shared/Cliffwald.Shared.csproj : warning NU1603: Cliffwald.Shared depends on LiteNetLib (>= 1.0.5) but LiteNetLib 1.0.5 was not found. An approximate best match of LiteNetLib 1.1.0 was resolved. [/app/Cliffwald.sln]
/app/Source/Cliffwald.Client/Cliffwald.Client.csproj : warning NU1603: Cliffwald.Client depends on LiteNetLib (>= 1.0.5) but LiteNetLib 1.0.5 was not found. An approximate best match of LiteNetLib 1.1.0 was resolved. [/app/Cliffwald.sln]
/app/Source/Cliffwald.Client/Cliffwald.Client.csproj : warning NU1903: Package 'SixLabors.ImageSharp' 3.0.1 has a known high severity vulnerability, https://github.com/advisories/GHSA-2cmq-823j-5qj8 [/app/Cliffwald.sln]
/app/Source/Cliffwald.Client/Cliffwald.Client.csproj : warning NU1902: Package 'SixLabors.ImageSharp' 3.0.1 has a known moderate severity vulnerability, https://github.com/advisories/GHSA-5x7m-6737-26cr [/app/Cliffwald.sln]
/app/Source/Cliffwald.Client/Cliffwald.Client.csproj : warning NU1903: Package 'SixLabors.ImageSharp' 3.0.1 has a known high severity vulnerability, https://github.com/advisories/GHSA-63p8-c4ww-9cg7 [/app/Cliffwald.sln]
/app/Source/Cliffwald.Client/Cliffwald.Client.csproj : warning NU1903: Package 'SixLabors.ImageSharp' 3.0.1 has a known high severity vulnerability, https://github.com/advisories/GHSA-65x7-c272-7g7r [/app/Cliffwald.sln]
/app/Source/Cliffwald.Client/Cliffwald.Client.csproj : warning NU1902: Package 'SixLabors.ImageSharp' 3.0.1 has a known moderate severity vulnerability, https://github.com/advisories/GHSA-g85r-6x2q-45w7 [/app/Cliffwald.sln]
/app/Source/Cliffwald.Client/Cliffwald.Client.csproj : warning NU1902: Package 'SixLabors.ImageSharp' 3.0.1 has a known moderate severity vulnerability, https://github.com/advisories/GHSA-qxrv-gp6x-rc23 [/app/Cliffwald.sln]
/app/Source/Cliffwald.Client/Cliffwald.Client.csproj : warning NU1902: Package 'SixLabors.ImageSharp' 3.0.1 has a known moderate severity vulnerability, https://github.com/advisories/GHSA-rxmq-m78w-7wmc [/app/Cliffwald.sln]
/app/Source/Cliffwald.Shared/Cliffwald.Shared.csproj : warning NU1603: Cliffwald.Shared depends on LiteNetLib (>= 1.0.5) but LiteNetLib 1.0.5 was not found. An approximate best match of LiteNetLib 1.1.0 was resolved.
/app/Source/Cliffwald.Server/Cliffwald.Server.csproj : warning NU1603: Cliffwald.Server depends on LiteNetLib (>= 1.0.5) but LiteNetLib 1.0.5 was not found. An approximate best match of LiteNetLib 1.1.0 was resolved.
/app/Source/Cliffwald.Client/Cliffwald.Client.csproj : warning NU1603: Cliffwald.Client depends on LiteNetLib (>= 1.0.5) but LiteNetLib 1.0.5 was not found. An approximate best match of LiteNetLib 1.1.0 was resolved.
/app/Source/Cliffwald.Client/Cliffwald.Client.csproj : warning NU1903: Package 'SixLabors.ImageSharp' 3.0.1 has a known high severity vulnerability, https://github.com/advisories/GHSA-2cmq-823j-5qj8
/app/Source/Cliffwald.Client/Cliffwald.Client.csproj : warning NU1902: Package 'SixLabors.ImageSharp' 3.0.1 has a known moderate severity vulnerability, https://github.com/advisories/GHSA-5x7m-6737-26cr
/app/Source/Cliffwald.Client/Cliffwald.Client.csproj : warning NU1903: Package 'SixLabors.ImageSharp' 3.0.1 has a known high severity vulnerability, https://github.com/advisories/GHSA-63p8-c4ww-9cg7
/app/Source/Cliffwald.Client/Cliffwald.Client.csproj : warning NU1903: Package 'SixLabors.ImageSharp' 3.0.1 has a known high severity vulnerability, https://github.com/advisories/GHSA-65x7-c272-7g7r
/app/Source/Cliffwald.Client/Cliffwald.Client.csproj : warning NU1902: Package 'SixLabors.ImageSharp' 3.0.1 has a known moderate severity vulnerability, https://github.com/advisories/GHSA-g85r-6x2q-45w7
/app/Source/Cliffwald.Client/Cliffwald.Client.csproj : warning NU1902: Package 'SixLabors.ImageSharp' 3.0.1 has a known moderate severity vulnerability, https://github.com/advisories/GHSA-qxrv-gp6x-rc23
/app/Source/Cliffwald.Client/Cliffwald.Client.csproj : warning NU1902: Package 'SixLabors.ImageSharp' 3.0.1 has a known moderate severity vulnerability, https://github.com/advisories/GHSA-rxmq-m78w-7wmc
    20 Warning(s)
    0 Error(s)

Time Elapsed 00:00:01.67
